<html>
<body>
	<form wicket:id="formpost" id="formpost1" method="post" action="../page?0-1.IFormSubmitListener-formpost"><div style="display:none"><input type="hidden" name="formpost1_hf_0" id="formpost1_hf_0" /></div></form>
	<form wicket:id="formget" id="formget2" method="get" action="../page"><div style="display:none"><input type="hidden" name="formget2_hf_0" id="formget2_hf_0" /><input type="hidden" name="0-1.IFormSubmitListener-formget" value="" /></div></form>
</body>
</html>
